⚠ Warning: Next.js inferred your workspace root, but it may not be correct.
 We detected multiple lockfiles and selected the directory of C:\Users\pc\package-lock.json as the root directory.
 To silence this warning, set `outputFileTracingRoot` in your Next.js config, or consider removing one of the lockfiles if it's not needed.
   See https://nextjs.org/docs/app/api-reference/config/next-config-js/output#caveats for more information.
 Detected additional lockfiles: 
   * C:\Users\pc\Desktop\joshspot-media\frontend\package-lock.json

▲ Next.js 16.1.6 (webpack)
- Environments: .env.local, .env

⚠ The "middleware" file convention is deprecated. Please use "proxy" instead. Learn more: https://nextjs.org/docs/messages/middleware-to-proxy
  Running TypeScript ...
  Creating an optimized production build ...
✓ Compiled successfully in 19.9s
  Collecting page data using 7 workers ...
  Generating static pages using 7 workers (0/42) ...
  Generating static pages using 7 workers (10/42) 
  Generating static pages using 7 workers (20/42) 
  Generating static pages using 7 workers (31/42) 
✓ Generating static pages using 7 workers (42/42) in 3.3s
  Finalizing page optimization ...
  Collecting build traces ...

Route (pages)
┌ ○ / (682 ms)
├   /_app
├ ○ /404
├ ○ /admin-7812er (1078 ms)
├ ● /admin-7812er/[section] (4910 ms)
│ ├ /admin-7812er/courses (865 ms)
│ ├ /admin-7812er/sources (806 ms)
│ ├ /admin-7812er/invoices (805 ms)
│ ├ /admin-7812er/bookings (803 ms)
│ ├ /admin-7812er/leads (551 ms)
│ ├ /admin-7812er/performance (542 ms)
│ └ /admin-7812er/schedule (538 ms)
├ ○ /admin-7812er/ai-agent (1084 ms)
├ ○ /admin-7812er/ai-knowledge (1072 ms)
├ ○ /admin-7812er/inbox-contacts (1078 ms)
├ ○ /admin-7812er/quick-replies (1073 ms)
├ ○ /admin-login-0tT6Yc1 (1088 ms)
├ ○ /ads-calculator (1074 ms)
├ ƒ /api/admin/[...path]
├ ƒ /api/calculator-access
├ ƒ /api/course-email
├ ƒ /api/course-invoice
├ ƒ /api/course-question
├ ƒ /api/crm/[...path]
├ ƒ /api/inbox/[...path]
├ ƒ /api/pay-invoice/[token]
├ ƒ /api/script-invoice
├ ƒ /api/workspace-login
├ ○ /course (1076 ms)
├ ○ /crm-ads-dashboard (1089 ms)
├ ○ /crm-dashboard (402 ms)
├ ○ /crm-inbox (1074 ms)
├ ○ /crm-login (684 ms)
├ ○ /crm-verification-dashboard (401 ms)
├ ○ /growth-assessment (682 ms)
├ ○ /invoice-generator (1088 ms)
├ ○ /pay-invoice/[token] (1084 ms)
├ ○ /payment-success (1086 ms)
├ ○ /pickadate (1085 ms)
├ ○ /privacy-policy (1085 ms)
├ ● /services/[slug] (6921 ms)
│ ├ /services/promo-video-with-josh (955 ms)
│ ├ /services/marketing-community (941 ms)
│ ├ /services/free-tiktok-training (821 ms)
│ ├ /services/free-meta-training (814 ms)
│ ├ /services/ads-account-audit (680 ms)
│ ├ /services/video-ad-scripts (680 ms)
│ ├ /services/consultation (679 ms)
│ └ [+2 more paths] (avg 676 ms)
├ ○ /start (1086 ms)
├ ○ /tiktok-setup (400 ms)
├ ○ /video-script (400 ms)
└ ○ /whatsapp (400 ms)

ƒ Proxy (Middleware)

○  (Static)   prerendered as static content
●  (SSG)      prerendered as static HTML (uses getStaticProps)
ƒ  (Dynamic)  server-rendered on demand

